
> admin-dashboard@0.0.0 test
> ng test

[33mΓ¥»[39m Building...
[32mΓ£ö[39m Building...
Initial chunk files                                         | Names                                                    |  Raw size
chunk-S5ZLQFN3.js                                           | -                                                        |   2.17 MB | 
polyfills.js                                                | polyfills                                                |   1.01 MB | 
chunk-LMGVEFGF.js                                           | -                                                        | 251.81 kB | 
chunk-EZAKARHY.js                                           | -                                                        | 191.66 kB | 
chunk-GFVXZGHS.js                                           | -                                                        | 170.91 kB | 
jasmine-cleanup-1.js                                        | jasmine-cleanup-1                                        |  67.20 kB | 
styles.css                                                  | styles                                                   |  58.98 kB | 
chunk-5E542GZV.js                                           | -                                                        |  40.49 kB | 
spec-app-features-charts-charts.component.spec.js           | spec-app-features-charts-charts.component.spec           |  35.61 kB | 
spec-app-features-forms-forms.component.spec.js             | spec-app-features-forms-forms.component.spec             |  23.77 kB | 
test_main.js                                                | test_main                                                |  22.19 kB | 
spec-app-features-profile-profile.component.spec.js         | spec-app-features-profile-profile.component.spec         |  21.44 kB | 
spec-app-features-users-users.component.spec.js             | spec-app-features-users-users.component.spec             |  17.41 kB | 
spec-app-features-dashboard-dashboard.component.spec.js     | spec-app-features-dashboard-dashboard.component.spec     |  16.48 kB | 
spec-app-features-tables-tables.component.spec.js           | spec-app-features-tables-tables.component.spec           |  14.81 kB | 
spec-app-features-settings-settings.component.spec.js       | spec-app-features-settings-settings.component.spec       |  12.55 kB | 
chunk-YSOORFZD.js                                           | -                                                        |  11.73 kB | 
spec-app-features-ui-elements-ui-elements.component.spec.js | spec-app-features-ui-elements-ui-elements.component.spec |  11.29 kB | 
spec-app-features-login-login.component.spec.js             | spec-app-features-login-login.component.spec             |   9.13 kB | 
chunk-72XSERFW.js                                           | -                                                        |   9.13 kB | 
chunk-O76QEXRV.js                                           | -                                                        |   5.80 kB | 
spec-app-layout-layout-layout.component.spec.js             | spec-app-layout-layout-layout.component.spec             |   3.84 kB | 
spec-app-app.spec.js                                        | spec-app-app.spec                                        |   2.20 kB | 
spec-app-shared-ui-card-card.component.spec.js              | spec-app-shared-ui-card-card.component.spec              |   2.09 kB | 
chunk-4ONV5M3I.js                                           | -                                                        |   1.88 kB | 
chunk-JKFLQKT3.js                                           | -                                                        |   1.76 kB | 
spec-app-layout-sidebar-sidebar.component.spec.js           | spec-app-layout-sidebar-sidebar.component.spec           |   1.52 kB | 
chunk-I354U7PO.js                                           | -                                                        |   1.36 kB | 
chunk-2Z2OTV2U.js                                           | -                                                        |   1.29 kB | 
spec-app-core-guards-role.guard.spec.js                     | spec-app-core-guards-role.guard.spec                     |   1.22 kB | 
spec-app-layout-header-header.component.spec.js             | spec-app-layout-header-header.component.spec             |   1.20 kB | 
spec-app-core-interceptors-token.interceptor.spec.js        | spec-app-core-interceptors-token.interceptor.spec        |   1.15 kB | 
spec-app-core-guards-auth.guard.spec.js                     | spec-app-core-guards-auth.guard.spec                     |   1.05 kB | 
spec-app-shared-ui-toast-toast.spec.js                      | spec-app-shared-ui-toast-toast.spec                      |   1.03 kB | 
spec-app-shared-ui-loader-loader.spec.js                    | spec-app-shared-ui-loader-loader.spec                    |   1.02 kB | 
chunk-WGON4UP6.js                                           | -                                                        | 872 bytes | 
chunk-HJILH33L.js                                           | -                                                        | 748 bytes | 
spec-app-core-services-auth.service.spec.js                 | spec-app-core-services-auth.service.spec                 | 557 bytes | 
jasmine-cleanup-0.js                                        | jasmine-cleanup-0                                        | 519 bytes | 

                                                            | Initial total                                            |   4.19 MB

Lazy chunk files                                            | Names                                                    |  Raw size
chunk-IO5MKHRO.js                                           | apexcharts-ssr-esm                                       |   1.21 MB | 
chunk-GAGV3LHB.js                                           | apexcharts-esm                                           |   1.20 MB | 
chunk-DBPZXUDI.js                                           | core-esm                                                 | 786.17 kB | 

Application bundle generation complete. [2.856 seconds] - 2026-03-30T11:09:07.275Z

Watch mode enabled. Watching for file changes...
30 03 2026 16:39:07.620:WARN [karma]: No captured browser, open http://localhost:9877/
30 03 2026 16:39:07.652:INFO [karma-server]: Karma v6.4.4 server started at http://localhost:9877/
30 03 2026 16:39:07.653:INFO [launcher]: Launching browsers Chrome with concurrency unlimited
30 03 2026 16:39:07.666:INFO [launcher]: Starting browser Chrome
30 03 2026 16:39:09.074:INFO [Chrome 146.0.0.0 (Windows 10)]: Connected on socket Wl8JtrthbamhnL5WAAAB with id 41238239
Chrome 146.0.0.0 (Windows 10): Executed 0 of 20[32m SUCCESS[39m (0 secs / 0 secs)
[1A[2KChrome 146.0.0.0 (Windows 10): Executed 1 of 20[32m SUCCESS[39m (0 secs / 0.118 secs)
[1A[2KChrome 146.0.0.0 (Windows 10): Executed 2 of 20[32m SUCCESS[39m (0 secs / 0.124 secs)
[1A[2KChrome 146.0.0.0 (Windows 10): Executed 3 of 20[32m SUCCESS[39m (0 secs / 0.133 secs)
[1A[2KChrome 146.0.0.0 (Windows 10): Executed 4 of 20[32m SUCCESS[39m (0 secs / 0.176 secs)
[1A[2KChrome 146.0.0.0 (Windows 10): Executed 5 of 20[32m SUCCESS[39m (0 secs / 0.192 secs)
[1A[2KChrome 146.0.0.0 (Windows 10): Executed 6 of 20[32m SUCCESS[39m (0 secs / 0.214 secs)
[1A[2KChrome 146.0.0.0 (Windows 10): Executed 7 of 20[32m SUCCESS[39m (0 secs / 0.239 secs)
[1A[2KChrome 146.0.0.0 (Windows 10): Executed 8 of 20[32m SUCCESS[39m (0 secs / 0.3 secs)
[1A[2KChrome 146.0.0.0 (Windows 10): Executed 9 of 20[32m SUCCESS[39m (0 secs / 0.35 secs)
[1A[2KChrome 146.0.0.0 (Windows 10): Executed 10 of 20[32m SUCCESS[39m (0 secs / 0.377 secs)
[1A[2KChrome 146.0.0.0 (Windows 10): Executed 11 of 20[32m SUCCESS[39m (0 secs / 0.377 secs)
[1A[2KChrome 146.0.0.0 (Windows 10): Executed 12 of 20[32m SUCCESS[39m (0 secs / 0.383 secs)
[1A[2KChrome 146.0.0.0 (Windows 10): Executed 13 of 20[32m SUCCESS[39m (0 secs / 0.384 secs)
[1A[2KChrome 146.0.0.0 (Windows 10): Executed 14 of 20[32m SUCCESS[39m (0 secs / 0.407 secs)
[1A[2KChrome 146.0.0.0 (Windows 10): Executed 15 of 20[32m SUCCESS[39m (0 secs / 0.407 secs)
[1A[2KChrome 146.0.0.0 (Windows 10): Executed 16 of 20[32m SUCCESS[39m (0 secs / 0.428 secs)
[1A[2KChrome 146.0.0.0 (Windows 10): Executed 17 of 20[32m SUCCESS[39m (0 secs / 0.43 secs)
[1A[2KChrome 146.0.0.0 (Windows 10): Executed 18 of 20[32m SUCCESS[39m (0 secs / 0.48 secs)
[1A[2KChrome 146.0.0.0 (Windows 10): Executed 19 of 20[32m SUCCESS[39m (0 secs / 0.517 secs)
[1A[2KChrome 146.0.0.0 (Windows 10): Executed 20 of 20[32m SUCCESS[39m (0 secs / 0.521 secs)
[1A[2KChrome 146.0.0.0 (Windows 10): Executed 20 of 20[32m SUCCESS[39m (0.58 secs / 0.521 secs)
[32mTOTAL: 20 SUCCESS[39m
[1A[2K[31mChrome 146.0.0.0 (Windows 10) ERROR[39m
  Some of your tests did a full page reload!
Chrome 146.0.0.0 (Windows 10): Executed 20 of 20[32m SUCCESS[39m (0.58 secs / 0.521 secs)
Chrome 146.0.0.0 (Windows 10) ERROR
  Some of your tests did a full page reload!
30 03 2026 16:39:18.424:WARN [Chrome 146.0.0.0 (Windows 10)]: Disconnected (0 times) Client disconnected from CONNECTED state (transport close)
[1A[2K[31mChrome 146.0.0.0 (Windows 10) ERROR[39m
  Disconnected Client disconnected from CONNECTED state (transport close)
Chrome 146.0.0.0 (Windows 10): Executed 20 of 20[32m SUCCESS[39m (0.58 secs / 0.521 secs)
Chrome 146.0.0.0 (Windows 10) ERROR
  Disconnected Client disconnected from CONNECTED state (transport close)
30 03 2026 16:39:18.667:ERROR [launcher]: Chrome crashed.
	[16396:19532:0330/163912.007:ERROR:google_apis\gcm\engine\registration_request.cc:291] Registration response error message: DEPRECATED_ENDPOINT

30 03 2026 16:39:18.668:ERROR [launcher]: Chrome stdout: 
30 03 2026 16:39:18.669:ERROR [launcher]: Chrome stderr: [16396:19532:0330/163912.007:ERROR:google_apis\gcm\engine\registration_request.cc:291] Registration response error message: DEPRECATED_ENDPOINT

30 03 2026 16:39:18.751:INFO [launcher]: Trying to start Chrome again (1/2).
30 03 2026 16:39:20.326:INFO [Chrome 146.0.0.0 (Windows 10)]: Connected on socket lTKKHXkw12ufErkmAAAD with id 41238239
Chrome 146.0.0.0 (Windows 10): Executed 0 of 20[32m SUCCESS[39m (0 secs / 0 secs)
[1A[2KChrome 146.0.0.0 (Windows 10): Executed 1 of 20[32m SUCCESS[39m (0 secs / 0.028 secs)
[1A[2KChrome 146.0.0.0 (Windows 10): Executed 2 of 20[32m SUCCESS[39m (0 secs / 0.031 secs)
[1A[2KChrome 146.0.0.0 (Windows 10): Executed 3 of 20[32m SUCCESS[39m (0 secs / 0.031 secs)
[1A[2KChrome 146.0.0.0 (Windows 10): Executed 4 of 20[32m SUCCESS[39m (0 secs / 0.031 secs)
[1A[2KChrome 146.0.0.0 (Windows 10): Executed 5 of 20[32m SUCCESS[39m (0 secs / 0.032 secs)
[1A[2KChrome 146.0.0.0 (Windows 10): Executed 6 of 20[32m SUCCESS[39m (0 secs / 0.137 secs)
[1A[2KChrome 146.0.0.0 (Windows 10): Executed 7 of 20[32m SUCCESS[39m (0 secs / 0.158 secs)
[1A[2KChrome 146.0.0.0 (Windows 10): Executed 8 of 20[32m SUCCESS[39m (0 secs / 0.18 secs)
[1A[2KChrome 146.0.0.0 (Windows 10): Executed 9 of 20[32m SUCCESS[39m (0 secs / 0.197 secs)
[1A[2KChrome 146.0.0.0 (Windows 10): Executed 10 of 20[32m SUCCESS[39m (0 secs / 0.238 secs)
[1A[2KChrome 146.0.0.0 (Windows 10): Executed 11 of 20[32m SUCCESS[39m (0 secs / 0.279 secs)
[1A[2KChrome 146.0.0.0 (Windows 10): Executed 12 of 20[32m SUCCESS[39m (0 secs / 0.298 secs)
[1A[2KChrome 146.0.0.0 (Windows 10): Executed 13 of 20[32m SUCCESS[39m (0 secs / 0.328 secs)
[1A[2KChrome 146.0.0.0 (Windows 10): Executed 14 of 20[32m SUCCESS[39m (0 secs / 0.338 secs)
[1A[2KChrome 146.0.0.0 (Windows 10): Executed 15 of 20[32m SUCCESS[39m (0 secs / 0.356 secs)
[1A[2KChrome 146.0.0.0 (Windows 10): Executed 16 of 20[32m SUCCESS[39m (0 secs / 0.392 secs)
[1A[2KChrome 146.0.0.0 (Windows 10): Executed 17 of 20[32m SUCCESS[39m (0 secs / 0.435 secs)
[1A[2KChrome 146.0.0.0 (Windows 10): Executed 18 of 20[32m SUCCESS[39m (0 secs / 0.453 secs)
[1A[2KChrome 146.0.0.0 (Windows 10): Executed 19 of 20[32m SUCCESS[39m (0 secs / 0.455 secs)
[1A[2KChrome 146.0.0.0 (Windows 10): Executed 20 of 20[32m SUCCESS[39m (0 secs / 0.457 secs)
[1A[2KChrome 146.0.0.0 (Windows 10): Executed 20 of 20[32m SUCCESS[39m (0.501 secs / 0.457 secs)
[32mTOTAL: 20 SUCCESS[39m
